============================= test session starts ==============================
platform linux -- Python 3.12.13, pytest-8.4.2, pluggy-1.6.0
rootdir: /app
configfile: pyproject.toml
plugins: anyio-4.13.0, asyncio-0.23.8
asyncio: mode=Mode.AUTO
collected 2 items

tests/test_elegibilidade.py FFE                                          [100%]

==================================== ERRORS ====================================
________ ERROR at teardown of test_verificar_elegibilidade_ja_aprovado _________

self = <AdaptedConnection <asyncpg.connection.Connection object at 0x74668ab9e4e0>>

    async def _start_transaction(self):
        if self.isolation_level == "autocommit":
            return
    
        try:
            self._transaction = self._connection.transaction(
                isolation=self.isolation_level,
                readonly=self.readonly,
                deferrable=self.deferrable,
            )
>           await self._transaction.start()

/usr/local/lib/python3.12/site-packages/sqlalchemy/dialects/postgresql/asyncpg.py:848: 
_ _ _ _ _ _ _ _ _ _ _ _ _ _ _ _ _ _ _ _ _ _ _ _ _ _ _ _ _ _ _ _ _ _ _ _ _ _ _ _ 
/usr/local/lib/python3.12/site-packages/asyncpg/transaction.py:146: in start
    await self._connection.execute(query)
/usr/local/lib/python3.12/site-packages/asyncpg/connection.py:350: in execute
    result = await self._protocol.query(query, timeout)
             ^^^^^^^^^^^^^^^^^^^^^^^^^^^^^^^^^^^^^^^^^^
asyncpg/protocol/protocol.pyx:359: in query
    ???
_ _ _ _ _ _ _ _ _ _ _ _ _ _ _ _ _ _ _ _ _ _ _ _ _ _ _ _ _ _ _ _ _ _ _ _ _ _ _ _ 

>   ???
E   asyncpg.exceptions._base.InterfaceError: cannot perform operation: another operation is in progress

asyncpg/protocol/protocol.pyx:744: InterfaceError

The above exception was the direct cause of the following exception:

self = <sqlalchemy.engine.base.Connection object at 0x74668abb2570>
dialect = <sqlalchemy.dialects.postgresql.asyncpg.PGDialect_asyncpg object at 0x74668b01fe00>
context = <sqlalchemy.dialects.postgresql.asyncpg.PGExecutionContext_asyncpg object at 0x74668abb5cd0>
statement = <sqlalchemy.dialects.postgresql.asyncpg.PGCompiler_asyncpg object at 0x74668b29b140>
parameters = [('usuarios', 'r', 'p', 'f', 'v', 'm', ...)]

    def _exec_single_context(
        self,
        dialect: Dialect,
        context: ExecutionContext,
        statement: Union[str, Compiled],
        parameters: Optional[_AnyMultiExecuteParams],
    ) -> CursorResult[Any]:
        """continue the _execute_context() method for a single DBAPI
        cursor.execute() or cursor.executemany() call.
    
        """
        if dialect.bind_typing is BindTyping.SETINPUTSIZES:
            generic_setinputsizes = context._prepare_set_input_sizes()
    
            if generic_setinputsizes:
                try:
                    dialect.do_set_input_sizes(
                        context.cursor, generic_setinputsizes, context
                    )
                except BaseException as e:
                    self._handle_dbapi_exception(
                        e, str(statement), parameters, None, context
                    )
    
        cursor, str_statement, parameters = (
            context.cursor,
            context.statement,
            context.parameters,
        )
    
        effective_parameters: Optional[_AnyExecuteParams]
    
        if not context.executemany:
            effective_parameters = parameters[0]
        else:
            effective_parameters = parameters
    
        if self._has_events or self.engine._has_events:
            for fn in self.dispatch.before_cursor_execute:
                str_statement, effective_parameters = fn(
                    self,
                    cursor,
                    str_statement,
                    effective_parameters,
                    context,
                    context.executemany,
                )
    
        if self._echo:
            self._log_info(str_statement)
    
            stats = context._get_cache_stats()
    
            if not self.engine.hide_parameters:
                self._log_info(
                    "[%s] %r",
                    stats,
                    sql_util._repr_params(
                        effective_parameters,
                        batches=10,
                        ismulti=context.executemany,
                    ),
                )
            else:
                self._log_info(
                    "[%s] [SQL parameters hidden due to hide_parameters=True]",
                    stats,
                )
    
        evt_handled: bool = False
        try:
            if context.execute_style is ExecuteStyle.EXECUTEMANY:
                effective_parameters = cast(
                    "_CoreMultiExecuteParams", effective_parameters
                )
                if self.dialect._has_events:
                    for fn in self.dialect.dispatch.do_executemany:
                        if fn(
                            cursor,
                            str_statement,
                            effective_parameters,
                            context,
                        ):
                            evt_handled = True
                            break
                if not evt_handled:
                    self.dialect.do_executemany(
                        cursor,
                        str_statement,
                        effective_parameters,
                        context,
                    )
            elif not effective_parameters and context.no_parameters:
                if self.dialect._has_events:
                    for fn in self.dialect.dispatch.do_execute_no_params:
                        if fn(cursor, str_statement, context):
                            evt_handled = True
                            break
                if not evt_handled:
                    self.dialect.do_execute_no_params(
                        cursor, str_statement, context
                    )
            else:
                effective_parameters = cast(
                    "_CoreSingleExecuteParams", effective_parameters
                )
                if self.dialect._has_events:
                    for fn in self.dialect.dispatch.do_execute:
                        if fn(
                            cursor,
                            str_statement,
                            effective_parameters,
                            context,
                        ):
                            evt_handled = True
                            break
                if not evt_handled:
>                   self.dialect.do_execute(
                        cursor, str_statement, effective_parameters, context
                    )

/usr/local/lib/python3.12/site-packages/sqlalchemy/engine/base.py:1967: 
_ _ _ _ _ _ _ _ _ _ _ _ _ _ _ _ _ _ _ _ _ _ _ _ _ _ _ _ _ _ _ _ _ _ _ _ _ _ _ _ 
/usr/local/lib/python3.12/site-packages/sqlalchemy/engine/default.py:952: in do_execute
    cursor.execute(statement, parameters)
/usr/local/lib/python3.12/site-packages/sqlalchemy/dialects/postgresql/asyncpg.py:585: in execute
    self._adapt_connection.await_(
/usr/local/lib/python3.12/site-packages/sqlalchemy/util/_concurrency_py3k.py:132: in await_only
    return current.parent.switch(awaitable)  # type: ignore[no-any-return,attr-defined] # noqa: E501
           ^^^^^^^^^^^^^^^^^^^^^^^^^^^^^^^^
/usr/local/lib/python3.12/site-packages/sqlalchemy/util/_concurrency_py3k.py:196: in greenlet_spawn
    value = await result
            ^^^^^^^^^^^^
/usr/local/lib/python3.12/site-packages/sqlalchemy/dialects/postgresql/asyncpg.py:520: in _prepare_and_execute
    await adapt_connection._start_transaction()
/usr/local/lib/python3.12/site-packages/sqlalchemy/dialects/postgresql/asyncpg.py:850: in _start_transaction
    self._handle_exception(error)
_ _ _ _ _ _ _ _ _ _ _ _ _ _ _ _ _ _ _ _ _ _ _ _ _ _ _ _ _ _ _ _ _ _ _ _ _ _ _ _ 

self = <AdaptedConnection <asyncpg.connection.Connection object at 0x74668ab9e4e0>>
error = InterfaceError('cannot perform operation: another operation is in progress')

    def _handle_exception(self, error):
        if self._connection.is_closed():
            self._transaction = None
            self._started = False
    
        if not isinstance(error, AsyncAdapt_asyncpg_dbapi.Error):
            exception_mapping = self.dbapi._asyncpg_error_translate
    
            for super_ in type(error).__mro__:
                if super_ in exception_mapping:
                    translated_error = exception_mapping[super_](
                        "%s: %s" % (type(error), error)
                    )
                    translated_error.pgcode = translated_error.sqlstate = (
                        getattr(error, "sqlstate", None)
                    )
>                   raise translated_error from error
E                   sqlalchemy.dialects.postgresql.asyncpg.AsyncAdapt_asyncpg_dbapi.InterfaceError: <class 'asyncpg.exceptions._base.InterfaceError'>: cannot perform operation: another operation is in progress

/usr/local/lib/python3.12/site-packages/sqlalchemy/dialects/postgresql/asyncpg.py:797: InterfaceError

The above exception was the direct cause of the following exception:

    def finalizer() -> None:
        """Yield again, to finalize."""
    
        async def async_finalizer() -> None:
            try:
                await gen_obj.__anext__()
            except StopAsyncIteration:
                pass
            else:
                msg = "Async generator fixture didn't stop."
                msg += "Yield only once."
                raise ValueError(msg)
    
>       event_loop.run_until_complete(async_finalizer())

/usr/local/lib/python3.12/site-packages/pytest_asyncio/plugin.py:345: 
_ _ _ _ _ _ _ _ _ _ _ _ _ _ _ _ _ _ _ _ _ _ _ _ _ _ _ _ _ _ _ _ _ _ _ _ _ _ _ _ 
/usr/local/lib/python3.12/asyncio/base_events.py:691: in run_until_complete
    return future.result()
           ^^^^^^^^^^^^^^^
/usr/local/lib/python3.12/site-packages/pytest_asyncio/plugin.py:337: in async_finalizer
    await gen_obj.__anext__()
tests/conftest.py:24: in setup_test_db
    await conn.run_sync(Base.metadata.drop_all)
/usr/local/lib/python3.12/site-packages/sqlalchemy/ext/asyncio/engine.py:888: in run_sync
    return await greenlet_spawn(
/usr/local/lib/python3.12/site-packages/sqlalchemy/util/_concurrency_py3k.py:201: in greenlet_spawn
    result = context.throw(*sys.exc_info())
             ^^^^^^^^^^^^^^^^^^^^^^^^^^^^^^
/usr/local/lib/python3.12/site-packages/sqlalchemy/sql/schema.py:5959: in drop_all
    bind._run_ddl_visitor(
/usr/local/lib/python3.12/site-packages/sqlalchemy/engine/base.py:2467: in _run_ddl_visitor
    ).traverse_single(element)
      ^^^^^^^^^^^^^^^^^^^^^^^^
/usr/local/lib/python3.12/site-packages/sqlalchemy/sql/visitors.py:661: in traverse_single
    return meth(obj, **kw)
           ^^^^^^^^^^^^^^^
/usr/local/lib/python3.12/site-packages/sqlalchemy/sql/ddl.py:1084: in visit_metadata
    unsorted_tables = [t for t in tables if self._can_drop_table(t)]
                                            ^^^^^^^^^^^^^^^^^^^^^^^
/usr/local/lib/python3.12/site-packages/sqlalchemy/sql/ddl.py:1160: in _can_drop_table
    return not self.checkfirst or self.dialect.has_table(
/usr/local/lib/python3.12/site-packages/sqlalchemy/engine/reflection.py:89: in cache
    return fn(self, con, *args, **kw)
           ^^^^^^^^^^^^^^^^^^^^^^^^^^
/usr/local/lib/python3.12/site-packages/sqlalchemy/dialects/postgresql/base.py:3574: in has_table
    return bool(connection.scalar(query, {"table_name": table_name}))
                ^^^^^^^^^^^^^^^^^^^^^^^^^^^^^^^^^^^^^^^^^^^^^^^^^^^^
/usr/local/lib/python3.12/site-packages/sqlalchemy/engine/base.py:1308: in scalar
    return meth(
/usr/local/lib/python3.12/site-packages/sqlalchemy/sql/elements.py:545: in _execute_on_scalar
    return self._execute_on_connection(
/usr/local/lib/python3.12/site-packages/sqlalchemy/sql/elements.py:527: in _execute_on_connection
    return connection._execute_clauseelement(
/usr/local/lib/python3.12/site-packages/sqlalchemy/engine/base.py:1641: in _execute_clauseelement
    ret = self._execute_context(
/usr/local/lib/python3.12/site-packages/sqlalchemy/engine/base.py:1846: in _execute_context
    return self._exec_single_context(
/usr/local/lib/python3.12/site-packages/sqlalchemy/engine/base.py:1986: in _exec_single_context
    self._handle_dbapi_exception(
/usr/local/lib/python3.12/site-packages/sqlalchemy/engine/base.py:2363: in _handle_dbapi_exception
    raise sqlalchemy_exception.with_traceback(exc_info[2]) from e
/usr/local/lib/python3.12/site-packages/sqlalchemy/engine/base.py:1967: in _exec_single_context
    self.dialect.do_execute(
/usr/local/lib/python3.12/site-packages/sqlalchemy/engine/default.py:952: in do_execute
    cursor.execute(statement, parameters)
/usr/local/lib/python3.12/site-packages/sqlalchemy/dialects/postgresql/asyncpg.py:585: in execute
    self._adapt_connection.await_(
/usr/local/lib/python3.12/site-packages/sqlalchemy/util/_concurrency_py3k.py:132: in await_only
    return current.parent.switch(awaitable)  # type: ignore[no-any-return,attr-defined] # noqa: E501
           ^^^^^^^^^^^^^^^^^^^^^^^^^^^^^^^^
/usr/local/lib/python3.12/site-packages/sqlalchemy/util/_concurrency_py3k.py:196: in greenlet_spawn
    value = await result
            ^^^^^^^^^^^^
/usr/local/lib/python3.12/site-packages/sqlalchemy/dialects/postgresql/asyncpg.py:520: in _prepare_and_execute
    await adapt_connection._start_transaction()
/usr/local/lib/python3.12/site-packages/sqlalchemy/dialects/postgresql/asyncpg.py:850: in _start_transaction
    self._handle_exception(error)
_ _ _ _ _ _ _ _ _ _ _ _ _ _ _ _ _ _ _ _ _ _ _ _ _ _ _ _ _ _ _ _ _ _ _ _ _ _ _ _ 

self = <AdaptedConnection <asyncpg.connection.Connection object at 0x74668ab9e4e0>>
error = InterfaceError('cannot perform operation: another operation is in progress')

    def _handle_exception(self, error):
        if self._connection.is_closed():
            self._transaction = None
            self._started = False
    
        if not isinstance(error, AsyncAdapt_asyncpg_dbapi.Error):
            exception_mapping = self.dbapi._asyncpg_error_translate
    
            for super_ in type(error).__mro__:
                if super_ in exception_mapping:
                    translated_error = exception_mapping[super_](
                        "%s: %s" % (type(error), error)
                    )
                    translated_error.pgcode = translated_error.sqlstate = (
                        getattr(error, "sqlstate", None)
                    )
>                   raise translated_error from error
E                   sqlalchemy.exc.InterfaceError: (sqlalchemy.dialects.postgresql.asyncpg.InterfaceError) <class 'asyncpg.exceptions._base.InterfaceError'>: cannot perform operation: another operation is in progress
E                   [SQL: SELECT pg_catalog.pg_class.relname 
E                   FROM pg_catalog.pg_class JOIN pg_catalog.pg_namespace ON pg_catalog.pg_namespace.oid = pg_catalog.pg_class.relnamespace 
E                   WHERE pg_catalog.pg_class.relname = $1::VARCHAR AND pg_catalog.pg_class.relkind = ANY (ARRAY[$2::VARCHAR, $3::VARCHAR, $4::VARCHAR, $5::VARCHAR, $6::VARCHAR]) AND pg_catalog.pg_table_is_visible(pg_catalog.pg_class.oid) AND pg_catalog.pg_namespace.nspname != $7::VARCHAR]
E                   [parameters: ('usuarios', 'r', 'p', 'f', 'v', 'm', 'pg_catalog')]
E                   (Background on this error at: https://sqlalche.me/e/20/rvf5)

/usr/local/lib/python3.12/site-packages/sqlalchemy/dialects/postgresql/asyncpg.py:797: InterfaceError
=================================== FAILURES ===================================
__________________ test_verificar_elegibilidade_sem_restricao __________________

db_session = <sqlalchemy.ext.asyncio.session.AsyncSession object at 0x74668b021820>

    @pytest.mark.asyncio
    async def test_verificar_elegibilidade_sem_restricao(db_session: AsyncSession):
        # Setup Data
        curso = Curso(codigo="BCC", nome="Ci├¬ncia da Computa├º├úo")
        db_session.add(curso)
>       await db_session.commit()

tests/test_elegibilidade.py:18: 
_ _ _ _ _ _ _ _ _ _ _ _ _ _ _ _ _ _ _ _ _ _ _ _ _ _ _ _ _ _ _ _ _ _ _ _ _ _ _ _ 
/usr/local/lib/python3.12/site-packages/sqlalchemy/ext/asyncio/session.py:1000: in commit
    await greenlet_spawn(self.sync_session.commit)
/usr/local/lib/python3.12/site-packages/sqlalchemy/util/_concurrency_py3k.py:201: in greenlet_spawn
    result = context.throw(*sys.exc_info())
             ^^^^^^^^^^^^^^^^^^^^^^^^^^^^^^
/usr/local/lib/python3.12/site-packages/sqlalchemy/orm/session.py:2030: in commit
    trans.commit(_to_root=True)
<string>:2: in commit
    ???
/usr/local/lib/python3.12/site-packages/sqlalchemy/orm/state_changes.py:137: in _go
    ret_value = fn(self, *arg, **kw)
                ^^^^^^^^^^^^^^^^^^^^
/usr/local/lib/python3.12/site-packages/sqlalchemy/orm/session.py:1311: in commit
    self._prepare_impl()
<string>:2: in _prepare_impl
    ???
/usr/local/lib/python3.12/site-packages/sqlalchemy/orm/state_changes.py:137: in _go
    ret_value = fn(self, *arg, **kw)
                ^^^^^^^^^^^^^^^^^^^^
/usr/local/lib/python3.12/site-packages/sqlalchemy/orm/session.py:1286: in _prepare_impl
    self.session.flush()
/usr/local/lib/python3.12/site-packages/sqlalchemy/orm/session.py:4331: in flush
    self._flush(objects)
/usr/local/lib/python3.12/site-packages/sqlalchemy/orm/session.py:4466: in _flush
    with util.safe_reraise():
         ^^^^^^^^^^^^^^^^^^^
/usr/local/lib/python3.12/site-packages/sqlalchemy/util/langhelpers.py:121: in __exit__
    raise exc_value.with_traceback(exc_tb)
/usr/local/lib/python3.12/site-packages/sqlalchemy/orm/session.py:4427: in _flush
    flush_context.execute()
/usr/local/lib/python3.12/site-packages/sqlalchemy/orm/unitofwork.py:466: in execute
    rec.execute(self)
/usr/local/lib/python3.12/site-packages/sqlalchemy/orm/unitofwork.py:642: in execute
    util.preloaded.orm_persistence.save_obj(
/usr/local/lib/python3.12/site-packages/sqlalchemy/orm/persistence.py:93: in save_obj
    _emit_insert_statements(
/usr/local/lib/python3.12/site-packages/sqlalchemy/orm/persistence.py:1233: in _emit_insert_statements
    result = connection.execute(
/usr/local/lib/python3.12/site-packages/sqlalchemy/engine/base.py:1419: in execute
    return meth(
/usr/local/lib/python3.12/site-packages/sqlalchemy/sql/elements.py:527: in _execute_on_connection
    return connection._execute_clauseelement(
/usr/local/lib/python3.12/site-packages/sqlalchemy/engine/base.py:1641: in _execute_clauseelement
    ret = self._execute_context(
/usr/local/lib/python3.12/site-packages/sqlalchemy/engine/base.py:1846: in _execute_context
    return self._exec_single_context(
/usr/local/lib/python3.12/site-packages/sqlalchemy/engine/base.py:1986: in _exec_single_context
    self._handle_dbapi_exception(
/usr/local/lib/python3.12/site-packages/sqlalchemy/engine/base.py:2366: in _handle_dbapi_exception
    raise exc_info[1].with_traceback(exc_info[2])
/usr/local/lib/python3.12/site-packages/sqlalchemy/engine/base.py:1967: in _exec_single_context
    self.dialect.do_execute(
/usr/local/lib/python3.12/site-packages/sqlalchemy/engine/default.py:952: in do_execute
    cursor.execute(statement, parameters)
/usr/local/lib/python3.12/site-packages/sqlalchemy/dialects/postgresql/asyncpg.py:585: in execute
    self._adapt_connection.await_(
/usr/local/lib/python3.12/site-packages/sqlalchemy/util/_concurrency_py3k.py:132: in await_only
    return current.parent.switch(awaitable)  # type: ignore[no-any-return,attr-defined] # noqa: E501
           ^^^^^^^^^^^^^^^^^^^^^^^^^^^^^^^^
/usr/local/lib/python3.12/site-packages/sqlalchemy/util/_concurrency_py3k.py:196: in greenlet_spawn
    value = await result
            ^^^^^^^^^^^^
/usr/local/lib/python3.12/site-packages/sqlalchemy/dialects/postgresql/asyncpg.py:520: in _prepare_and_execute
    await adapt_connection._start_transaction()
/usr/local/lib/python3.12/site-packages/sqlalchemy/dialects/postgresql/asyncpg.py:850: in _start_transaction
    self._handle_exception(error)
/usr/local/lib/python3.12/site-packages/sqlalchemy/dialects/postgresql/asyncpg.py:799: in _handle_exception
    raise error
/usr/local/lib/python3.12/site-packages/sqlalchemy/dialects/postgresql/asyncpg.py:848: in _start_transaction
    await self._transaction.start()
/usr/local/lib/python3.12/site-packages/asyncpg/transaction.py:146: in start
    await self._connection.execute(query)
/usr/local/lib/python3.12/site-packages/asyncpg/connection.py:350: in execute
    result = await self._protocol.query(query, timeout)
             ^^^^^^^^^^^^^^^^^^^^^^^^^^^^^^^^^^^^^^^^^^
_ _ _ _ _ _ _ _ _ _ _ _ _ _ _ _ _ _ _ _ _ _ _ _ _ _ _ _ _ _ _ _ _ _ _ _ _ _ _ _ 

>   ???
E   RuntimeError: Task <Task pending name='Task-4' coro=<test_verificar_elegibilidade_sem_restricao() running at /app/tests/test_elegibilidade.py:18> cb=[_run_until_complete_cb() at /usr/local/lib/python3.12/asyncio/base_events.py:181]> got Future <Future pending cb=[Protocol._on_waiter_completed()]> attached to a different loop

asyncpg/protocol/protocol.pyx:374: RuntimeError
___________________ test_verificar_elegibilidade_ja_aprovado ___________________

self = <AdaptedConnection <asyncpg.connection.Connection object at 0x74668ab9e4e0>>

    async def _start_transaction(self):
        if self.isolation_level == "autocommit":
            return
    
        try:
            self._transaction = self._connection.transaction(
                isolation=self.isolation_level,
                readonly=self.readonly,
                deferrable=self.deferrable,
            )
>           await self._transaction.start()

/usr/local/lib/python3.12/site-packages/sqlalchemy/dialects/postgresql/asyncpg.py:848: 
_ _ _ _ _ _ _ _ _ _ _ _ _ _ _ _ _ _ _ _ _ _ _ _ _ _ _ _ _ _ _ _ _ _ _ _ _ _ _ _ 
/usr/local/lib/python3.12/site-packages/asyncpg/transaction.py:146: in start
    await self._connection.execute(query)
/usr/local/lib/python3.12/site-packages/asyncpg/connection.py:350: in execute
    result = await self._protocol.query(query, timeout)
             ^^^^^^^^^^^^^^^^^^^^^^^^^^^^^^^^^^^^^^^^^^
asyncpg/protocol/protocol.pyx:359: in query
    ???
_ _ _ _ _ _ _ _ _ _ _ _ _ _ _ _ _ _ _ _ _ _ _ _ _ _ _ _ _ _ _ _ _ _ _ _ _ _ _ _ 

>   ???
E   asyncpg.exceptions._base.InterfaceError: cannot perform operation: another operation is in progress

asyncpg/protocol/protocol.pyx:744: InterfaceError

The above exception was the direct cause of the following exception:

self = <sqlalchemy.engine.base.Connection object at 0x74668abb2810>
dialect = <sqlalchemy.dialects.postgresql.asyncpg.PGDialect_asyncpg object at 0x74668b01fe00>
context = <sqlalchemy.dialects.postgresql.asyncpg.PGExecutionContext_asyncpg object at 0x74668abb3b60>
statement = <sqlalchemy.dialects.postgresql.asyncpg.PGCompiler_asyncpg object at 0x74668ab6e840>
parameters = [('BCC2', 'Ci├¬ncia da Computa├º├úo', True)]

    def _exec_single_context(
        self,
        dialect: Dialect,
        context: ExecutionContext,
        statement: Union[str, Compiled],
        parameters: Optional[_AnyMultiExecuteParams],
    ) -> CursorResult[Any]:
        """continue the _execute_context() method for a single DBAPI
        cursor.execute() or cursor.executemany() call.
    
        """
        if dialect.bind_typing is BindTyping.SETINPUTSIZES:
            generic_setinputsizes = context._prepare_set_input_sizes()
    
            if generic_setinputsizes:
                try:
                    dialect.do_set_input_sizes(
                        context.cursor, generic_setinputsizes, context
                    )
                except BaseException as e:
                    self._handle_dbapi_exception(
                        e, str(statement), parameters, None, context
                    )
    
        cursor, str_statement, parameters = (
            context.cursor,
            context.statement,
            context.parameters,
        )
    
        effective_parameters: Optional[_AnyExecuteParams]
    
        if not context.executemany:
            effective_parameters = parameters[0]
        else:
            effective_parameters = parameters
    
        if self._has_events or self.engine._has_events:
            for fn in self.dispatch.before_cursor_execute:
                str_statement, effective_parameters = fn(
                    self,
                    cursor,
                    str_statement,
                    effective_parameters,
                    context,
                    context.executemany,
                )
    
        if self._echo:
            self._log_info(str_statement)
    
            stats = context._get_cache_stats()
    
            if not self.engine.hide_parameters:
                self._log_info(
                    "[%s] %r",
                    stats,
                    sql_util._repr_params(
                        effective_parameters,
                        batches=10,
                        ismulti=context.executemany,
                    ),
                )
            else:
                self._log_info(
                    "[%s] [SQL parameters hidden due to hide_parameters=True]",
                    stats,
                )
    
        evt_handled: bool = False
        try:
            if context.execute_style is ExecuteStyle.EXECUTEMANY:
                effective_parameters = cast(
                    "_CoreMultiExecuteParams", effective_parameters
                )
                if self.dialect._has_events:
                    for fn in self.dialect.dispatch.do_executemany:
                        if fn(
                            cursor,
                            str_statement,
                            effective_parameters,
                            context,
                        ):
                            evt_handled = True
                            break
                if not evt_handled:
                    self.dialect.do_executemany(
                        cursor,
                        str_statement,
                        effective_parameters,
                        context,
                    )
            elif not effective_parameters and context.no_parameters:
                if self.dialect._has_events:
                    for fn in self.dialect.dispatch.do_execute_no_params:
                        if fn(cursor, str_statement, context):
                            evt_handled = True
                            break
                if not evt_handled:
                    self.dialect.do_execute_no_params(
                        cursor, str_statement, context
                    )
            else:
                effective_parameters = cast(
                    "_CoreSingleExecuteParams", effective_parameters
                )
                if self.dialect._has_events:
                    for fn in self.dialect.dispatch.do_execute:
                        if fn(
                            cursor,
                            str_statement,
                            effective_parameters,
                            context,
                        ):
                            evt_handled = True
                            break
                if not evt_handled:
>                   self.dialect.do_execute(
                        cursor, str_statement, effective_parameters, context
                    )

/usr/local/lib/python3.12/site-packages/sqlalchemy/engine/base.py:1967: 
_ _ _ _ _ _ _ _ _ _ _ _ _ _ _ _ _ _ _ _ _ _ _ _ _ _ _ _ _ _ _ _ _ _ _ _ _ _ _ _ 
/usr/local/lib/python3.12/site-packages/sqlalchemy/engine/default.py:952: in do_execute
    cursor.execute(statement, parameters)
/usr/local/lib/python3.12/site-packages/sqlalchemy/dialects/postgresql/asyncpg.py:585: in execute
    self._adapt_connection.await_(
/usr/local/lib/python3.12/site-packages/sqlalchemy/util/_concurrency_py3k.py:132: in await_only
    return current.parent.switch(awaitable)  # type: ignore[no-any-return,attr-defined] # noqa: E501
           ^^^^^^^^^^^^^^^^^^^^^^^^^^^^^^^^
/usr/local/lib/python3.12/site-packages/sqlalchemy/util/_concurrency_py3k.py:196: in greenlet_spawn
    value = await result
            ^^^^^^^^^^^^
/usr/local/lib/python3.12/site-packages/sqlalchemy/dialects/postgresql/asyncpg.py:520: in _prepare_and_execute
    await adapt_connection._start_transaction()
/usr/local/lib/python3.12/site-packages/sqlalchemy/dialects/postgresql/asyncpg.py:850: in _start_transaction
    self._handle_exception(error)
_ _ _ _ _ _ _ _ _ _ _ _ _ _ _ _ _ _ _ _ _ _ _ _ _ _ _ _ _ _ _ _ _ _ _ _ _ _ _ _ 

self = <AdaptedConnection <asyncpg.connection.Connection object at 0x74668ab9e4e0>>
error = InterfaceError('cannot perform operation: another operation is in progress')

    def _handle_exception(self, error):
        if self._connection.is_closed():
            self._transaction = None
            self._started = False
    
        if not isinstance(error, AsyncAdapt_asyncpg_dbapi.Error):
            exception_mapping = self.dbapi._asyncpg_error_translate
    
            for super_ in type(error).__mro__:
                if super_ in exception_mapping:
                    translated_error = exception_mapping[super_](
                        "%s: %s" % (type(error), error)
                    )
                    translated_error.pgcode = translated_error.sqlstate = (
                        getattr(error, "sqlstate", None)
                    )
>                   raise translated_error from error
E                   sqlalchemy.dialects.postgresql.asyncpg.AsyncAdapt_asyncpg_dbapi.InterfaceError: <class 'asyncpg.exceptions._base.InterfaceError'>: cannot perform operation: another operation is in progress

/usr/local/lib/python3.12/site-packages/sqlalchemy/dialects/postgresql/asyncpg.py:797: InterfaceError

The above exception was the direct cause of the following exception:

db_session = <sqlalchemy.ext.asyncio.session.AsyncSession object at 0x74668abb27b0>

    @pytest.mark.asyncio
    async def test_verificar_elegibilidade_ja_aprovado(db_session: AsyncSession):
        # Setup Data
        curso = Curso(codigo="BCC2", nome="Ci├¬ncia da Computa├º├úo")
        db_session.add(curso)
>       await db_session.commit()

tests/test_elegibilidade.py:56: 
_ _ _ _ _ _ _ _ _ _ _ _ _ _ _ _ _ _ _ _ _ _ _ _ _ _ _ _ _ _ _ _ _ _ _ _ _ _ _ _ 
/usr/local/lib/python3.12/site-packages/sqlalchemy/ext/asyncio/session.py:1000: in commit
    await greenlet_spawn(self.sync_session.commit)
/usr/local/lib/python3.12/site-packages/sqlalchemy/util/_concurrency_py3k.py:201: in greenlet_spawn
    result = context.throw(*sys.exc_info())
             ^^^^^^^^^^^^^^^^^^^^^^^^^^^^^^
/usr/local/lib/python3.12/site-packages/sqlalchemy/orm/session.py:2030: in commit
    trans.commit(_to_root=True)
<string>:2: in commit
    ???
/usr/local/lib/python3.12/site-packages/sqlalchemy/orm/state_changes.py:137: in _go
    ret_value = fn(self, *arg, **kw)
                ^^^^^^^^^^^^^^^^^^^^
/usr/local/lib/python3.12/site-packages/sqlalchemy/orm/session.py:1311: in commit
    self._prepare_impl()
<string>:2: in _prepare_impl
    ???
/usr/local/lib/python3.12/site-packages/sqlalchemy/orm/state_changes.py:137: in _go
    ret_value = fn(self, *arg, **kw)
                ^^^^^^^^^^^^^^^^^^^^
/usr/local/lib/python3.12/site-packages/sqlalchemy/orm/session.py:1286: in _prepare_impl
    self.session.flush()
/usr/local/lib/python3.12/site-packages/sqlalchemy/orm/session.py:4331: in flush
    self._flush(objects)
/usr/local/lib/python3.12/site-packages/sqlalchemy/orm/session.py:4466: in _flush
    with util.safe_reraise():
         ^^^^^^^^^^^^^^^^^^^
/usr/local/lib/python3.12/site-packages/sqlalchemy/util/langhelpers.py:121: in __exit__
    raise exc_value.with_traceback(exc_tb)
/usr/local/lib/python3.12/site-packages/sqlalchemy/orm/session.py:4427: in _flush
    flush_context.execute()
/usr/local/lib/python3.12/site-packages/sqlalchemy/orm/unitofwork.py:466: in execute
    rec.execute(self)
/usr/local/lib/python3.12/site-packages/sqlalchemy/orm/unitofwork.py:642: in execute
    util.preloaded.orm_persistence.save_obj(
/usr/local/lib/python3.12/site-packages/sqlalchemy/orm/persistence.py:93: in save_obj
    _emit_insert_statements(
/usr/local/lib/python3.12/site-packages/sqlalchemy/orm/persistence.py:1233: in _emit_insert_statements
    result = connection.execute(
/usr/local/lib/python3.12/site-packages/sqlalchemy/engine/base.py:1419: in execute
    return meth(
/usr/local/lib/python3.12/site-packages/sqlalchemy/sql/elements.py:527: in _execute_on_connection
    return connection._execute_clauseelement(
/usr/local/lib/python3.12/site-packages/sqlalchemy/engine/base.py:1641: in _execute_clauseelement
    ret = self._execute_context(
/usr/local/lib/python3.12/site-packages/sqlalchemy/engine/base.py:1846: in _execute_context
    return self._exec_single_context(
/usr/local/lib/python3.12/site-packages/sqlalchemy/engine/base.py:1986: in _exec_single_context
    self._handle_dbapi_exception(
/usr/local/lib/python3.12/site-packages/sqlalchemy/engine/base.py:2363: in _handle_dbapi_exception
    raise sqlalchemy_exception.with_traceback(exc_info[2]) from e
/usr/local/lib/python3.12/site-packages/sqlalchemy/engine/base.py:1967: in _exec_single_context
    self.dialect.do_execute(
/usr/local/lib/python3.12/site-packages/sqlalchemy/engine/default.py:952: in do_execute
    cursor.execute(statement, parameters)
/usr/local/lib/python3.12/site-packages/sqlalchemy/dialects/postgresql/asyncpg.py:585: in execute
    self._adapt_connection.await_(
/usr/local/lib/python3.12/site-packages/sqlalchemy/util/_concurrency_py3k.py:132: in await_only
    return current.parent.switch(awaitable)  # type: ignore[no-any-return,attr-defined] # noqa: E501
           ^^^^^^^^^^^^^^^^^^^^^^^^^^^^^^^^
/usr/local/lib/python3.12/site-packages/sqlalchemy/util/_concurrency_py3k.py:196: in greenlet_spawn
    value = await result
            ^^^^^^^^^^^^
/usr/local/lib/python3.12/site-packages/sqlalchemy/dialects/postgresql/asyncpg.py:520: in _prepare_and_execute
    await adapt_connection._start_transaction()
/usr/local/lib/python3.12/site-packages/sqlalchemy/dialects/postgresql/asyncpg.py:850: in _start_transaction
    self._handle_exception(error)
_ _ _ _ _ _ _ _ _ _ _ _ _ _ _ _ _ _ _ _ _ _ _ _ _ _ _ _ _ _ _ _ _ _ _ _ _ _ _ _ 

self = <AdaptedConnection <asyncpg.connection.Connection object at 0x74668ab9e4e0>>
error = InterfaceError('cannot perform operation: another operation is in progress')

    def _handle_exception(self, error):
        if self._connection.is_closed():
            self._transaction = None
            self._started = False
    
        if not isinstance(error, AsyncAdapt_asyncpg_dbapi.Error):
            exception_mapping = self.dbapi._asyncpg_error_translate
    
            for super_ in type(error).__mro__:
                if super_ in exception_mapping:
                    translated_error = exception_mapping[super_](
                        "%s: %s" % (type(error), error)
                    )
                    translated_error.pgcode = translated_error.sqlstate = (
                        getattr(error, "sqlstate", None)
                    )
>                   raise translated_error from error
E                   sqlalchemy.exc.InterfaceError: (sqlalchemy.dialects.postgresql.asyncpg.InterfaceError) <class 'asyncpg.exceptions._base.InterfaceError'>: cannot perform operation: another operation is in progress
E                   [SQL: INSERT INTO cursos (codigo, nome, ativo) VALUES ($1::VARCHAR, $2::VARCHAR, $3::BOOLEAN) RETURNING cursos.id]
E                   [parameters: ('BCC2', 'Ci├¬ncia da Computa├º├úo', True)]
E                   (Background on this error at: https://sqlalche.me/e/20/rvf5)

/usr/local/lib/python3.12/site-packages/sqlalchemy/dialects/postgresql/asyncpg.py:797: InterfaceError
=============================== warnings summary ===============================
app/modules/usuarios/schemas.py:19
  /app/app/modules/usuarios/schemas.py:19: PydanticDeprecatedSince20: Support for class-based `config` is deprecated, use ConfigDict instead. Deprecated in Pydantic V2.0 to be removed in V3.0. See Pydantic V2 Migration Guide at https://errors.pydantic.dev/2.12/migration/
    class UsuarioResponse(UsuarioBase):

-- Docs: https://docs.pytest.org/en/stable/how-to/capture-warnings.html
=========================== short test summary info ============================
ERROR tests/test_elegibilidade.py::test_verificar_elegibilidade_ja_aprovado
FAILED tests/test_elegibilidade.py::test_verificar_elegibilidade_sem_restricao
FAILED tests/test_elegibilidade.py::test_verificar_elegibilidade_ja_aprovado
==================== 2 failed, 1 warning, 1 error in 1.90s =====================
